// Vitest Snapshot v1, https://vitest.dev/guide/snapshot.html

exports[`TabNews > should not instantiate without credentials 1`] = `
"Missing Credentials. Pass it to the constructor like the example below:
        \`new TabNews({
            credential: {
              email: 'your@email.com'
              password: 'your_password'
            }
          );\`"
`;
